1 21:30, TableDisplay, td1, approveBill, Total:, 24.10;
1 21:32, BankClient, bc, makePayment, XYZ1234, 24.10;
1 21:33, ReceiptPrinter, rp1, takeReceipt, Total:, 24.10, AuthCode:, ABCD;
